../Core/Src/main.c:112:5:main	8	static
../Core/Src/main.c:168:6:SystemClock_Config	96	static
../Core/Src/main.c:218:13:MX_DAC1_Init	48	static
../Core/Src/main.c:268:13:MX_I2C1_Init	8	static
../Core/Src/main.c:316:13:MX_TIM15_Init	40	static
../Core/Src/main.c:362:13:MX_USART2_UART_Init	8	static
../Core/Src/main.c:397:13:MX_GPIO_Init	48	static
../Core/Src/main.c:468:6:HAL_GPIO_EXTI_Callback	16	static
../Core/Src/main.c:513:6:HAL_TIM_PeriodElapsedCallback	24	static
../Core/Src/main.c:527:6:Error_Handler	4	static,ignoring_inline_asm
